// Jest Snapshot v1, https://goo.gl/fbAQLP

exports[`renders correctly 1`] = `
<Page>
  <h1>
    Contact Page ✉️
  </h1>
</Page>
`;
