// Jest Snapshot v1, https://goo.gl/fbAQLP

exports[`App renders correctly 1`] = `
<div
  className="App"
>
  <BrowserRouter>
    <Navigation />
    <LoadingSpinner
      show={false}
    />
    <Suspense
      fallback={
        <Fallback
          setLoading={[Function]}
        />
      }
    >
      <Switch>
        <Route
          exact={true}
          path="/"
        >
          <LazyLoadedComponent />
        </Route>
        <Route
          path="/about"
        >
          <LazyLoadedComponent />
        </Route>
        <Route
          path="/contact"
        >
          <LazyLoadedComponent />
        </Route>
      </Switch>
    </Suspense>
    <Footer />
  </BrowserRouter>
</div>
`;
